python : C:\Python312\python.exe: can't open file 'D:\\Projets\\Alibi\\Code 
project\\run_kaggle_validation_section_7_6.py': [Errno 2] No such file or directory
Au caractère Ligne:1 : 37
+ ... e project"; python run_kaggle_validation_section_7_6.py --quick > tes ...
+                 ~~~~~~~~~~~~~~~~~~~~~~~~~~~~~~~~~~~~~~~~~~~~~~~~~~~~~~~~~
    + CategoryInfo          : NotSpecified: (C:\Python312\py...le or directory:String 
   ) [], RemoteException
    + FullyQualifiedErrorId : NativeCommandError
 
