[TEST] Testing RED vs GREEN with CONGESTED initial conditions (HIGH DENSITY)
================================================================================

[SETUP] Creating scenario config with CONGESTED initial state...
[LAGOS CONFIG] Saved NetworkConfig:
  - Network: validation_output\test_congested_fix\traffic_light_control_congested.yml
  - Traffic: validation_output\test_congested_fix\traffic_light_control_congested_traffic_control.yml
  ✓ Config created and saved to: validation_output\test_congested_fix\traffic_light_control_congested.yml
  ✓ Domain length: 1000.0 m
  ✓ Total simulation time: 180.0 s

[RED_ONLY] Running RED traffic light for 180s (12 steps of 15s)...
DEBUG PARAMS: Reading K_m_kmh = 10.0
DEBUG PARAMS: Reading K_c_kmh = 15.0
DEBUG PARAMS: Assigned self.K_m = 2.7777777777777777
DEBUG PARAMS: Assigned self.K_c = 4.166666666666667
DEBUG PARAMS: Reading K_m_kmh = 10.0
DEBUG PARAMS: Reading K_c_kmh = 15.0
DEBUG PARAMS: Assigned self.K_m = 2.7777777777777777
DEBUG PARAMS: Assigned self.K_c = 4.166666666666667
[WARNING] Automatic CFL correction applied (count: 1):
  Calculated CFL: 0.800 > Limit: 0.500
  Original dt: 2.307911e+00 s
  Corrected dt: 1.442444e+00 s
  Correction factor: 1.6x
  Max wave speed detected: 3.47 m/s
[QUEUE_DIAGNOSTIC] ===== Step 0 t=15.0s =====
[QUEUE_DIAGNOSTIC] Observation shape: (26,), n_segments: 6
[QUEUE_DIAGNOSTIC] Normalized obs[0:4]: [0.40412426 1.         0.423317   1.        ] (rho_m, v_m, rho_c, v_c)
[QUEUE_DIAGNOSTIC] Denorm factors: rho_max_m=0.300, v_free_m=11.11
[QUEUE_DIAGNOSTIC] velocities_m (m/s): [11.111111 11.111111 11.111111 11.111111 11.111111 11.111111]
[QUEUE_DIAGNOSTIC] velocities_c (m/s): [13.888889 13.888889 13.888889 13.888889 13.888889 13.888889]
[QUEUE_DIAGNOSTIC] densities_m (veh/m): [0.12123729 0.12186564 0.12247211 0.12330868 0.1239714  0.12442344]
[QUEUE_DIAGNOSTIC] densities_c (veh/m): [0.06349755 0.06285855 0.06196807 0.06131146 0.06078875 0.06043391]
[QUEUE_DIAGNOSTIC] Threshold: 10.625 m/s
[QUEUE_DIAGNOSTIC] Below threshold (m): [False False False False False False]
[QUEUE_DIAGNOSTIC] Below threshold (c): [False False False False False False]
[QUEUE_DIAGNOSTIC] queued_m densities: [] (sum=0.0000)
[QUEUE_DIAGNOSTIC] queued_c densities: [] (sum=0.0000)
[QUEUE_DIAGNOSTIC] dx=10.00m, queue_length=0.00 vehicles
[REWARD_MICROSCOPE] step=1 t=15.0s phase=0 prev_phase=0 phase_changed=False | QUEUE: current=0.00 prev=0.00 delta=0.0000 R_queue=-0.0000 | PENALTY: R_stability=0.0000 | DIVERSITY: actions=[0] diversity_count=0 R_diversity=0.0000 | TOTAL: reward=0.0000
  Step 0 (t=0s): ρ_avg=0.0880 veh/m
[QUEUE_DIAGNOSTIC] ===== Step 1 t=30.0s =====
[QUEUE_DIAGNOSTIC] Observation shape: (26,), n_segments: 6
[QUEUE_DIAGNOSTIC] Normalized obs[0:4]: [0.09597298 1.         0.03775748 1.        ] (rho_m, v_m, rho_c, v_c)
[QUEUE_DIAGNOSTIC] Denorm factors: rho_max_m=0.300, v_free_m=11.11
[QUEUE_DIAGNOSTIC] velocities_m (m/s): [11.111111 11.111111 11.111111 11.111111 11.111111 11.111111]
[QUEUE_DIAGNOSTIC] velocities_c (m/s): [13.888889 13.888889 13.888889 13.888889 13.888889 13.888889]
[QUEUE_DIAGNOSTIC] densities_m (veh/m): [0.0287919  0.03127837 0.03660145 0.0500125  0.08276253 0.11996835]
[QUEUE_DIAGNOSTIC] densities_c (veh/m): [0.00566362 0.00644461 0.00803888 0.01255968 0.02640654 0.04774581]
[QUEUE_DIAGNOSTIC] Threshold: 10.625 m/s
[QUEUE_DIAGNOSTIC] Below threshold (m): [False False False False False False]
[QUEUE_DIAGNOSTIC] Below threshold (c): [False False False False False False]
[QUEUE_DIAGNOSTIC] queued_m densities: [] (sum=0.0000)
[QUEUE_DIAGNOSTIC] queued_c densities: [] (sum=0.0000)
[QUEUE_DIAGNOSTIC] dx=10.00m, queue_length=0.00 vehicles
[REWARD_MICROSCOPE] step=2 t=30.0s phase=0 prev_phase=0 phase_changed=False | QUEUE: current=0.00 prev=0.00 delta=0.0000 R_queue=-0.0000 | PENALTY: R_stability=0.0000 | DIVERSITY: actions=[0, 0] diversity_count=0 R_diversity=0.0000 | TOTAL: reward=0.0000
  Step 1 (t=15s): ρ_avg=0.0839 veh/m
[WARNING] Automatic CFL correction applied (count: 100):
  Calculated CFL: 0.800 > Limit: 0.500
  Original dt: 3.928710e-01 s
  Corrected dt: 2.455444e-01 s
  Correction factor: 1.6x
  Max wave speed detected: 20.36 m/s
[QUEUE_DIAGNOSTIC] ===== Step 2 t=45.0s =====
[QUEUE_DIAGNOSTIC] Observation shape: (26,), n_segments: 6
[QUEUE_DIAGNOSTIC] Normalized obs[0:4]: [0.08729303 1.         0.03023555 1.        ] (rho_m, v_m, rho_c, v_c)
[QUEUE_DIAGNOSTIC] Denorm factors: rho_max_m=0.300, v_free_m=11.11
[QUEUE_DIAGNOSTIC] velocities_m (m/s): [11.111111 11.111111 11.111111 11.111111 11.111111 11.111111]
[QUEUE_DIAGNOSTIC] velocities_c (m/s): [13.888889 13.888889 13.888889 13.888889 13.888889 13.888889]
[QUEUE_DIAGNOSTIC] densities_m (veh/m): [0.02618791 0.02625022 0.02640152 0.02667673 0.02715888 0.02801078]
[QUEUE_DIAGNOSTIC] densities_c (veh/m): [0.00453533 0.00457998 0.00467237 0.00481838 0.00503849 0.00537355]
[QUEUE_DIAGNOSTIC] Threshold: 10.625 m/s
[QUEUE_DIAGNOSTIC] Below threshold (m): [False False False False False False]
[QUEUE_DIAGNOSTIC] Below threshold (c): [False False False False False False]
[QUEUE_DIAGNOSTIC] queued_m densities: [] (sum=0.0000)
[QUEUE_DIAGNOSTIC] queued_c densities: [] (sum=0.0000)
[QUEUE_DIAGNOSTIC] dx=10.00m, queue_length=0.00 vehicles
[REWARD_MICROSCOPE] step=3 t=45.0s phase=0 prev_phase=0 phase_changed=False | QUEUE: current=0.00 prev=0.00 delta=0.0000 R_queue=-0.0000 | PENALTY: R_stability=0.0000 | DIVERSITY: actions=[0, 0, 0] diversity_count=0 R_diversity=0.0000 | TOTAL: reward=0.0000
  Step 2 (t=30s): ρ_avg=0.0796 veh/m
[WARNING] Automatic CFL correction applied (count: 200):
  Calculated CFL: 0.800 > Limit: 0.500
  Original dt: 3.831325e-01 s
  Corrected dt: 2.394578e-01 s
  Correction factor: 1.6x
  Max wave speed detected: 20.88 m/s
[QUEUE_DIAGNOSTIC] ===== Step 3 t=60.0s =====
[QUEUE_DIAGNOSTIC] Observation shape: (26,), n_segments: 6
[QUEUE_DIAGNOSTIC] Normalized obs[0:4]: [0.08690941 1.         0.02942141 1.        ] (rho_m, v_m, rho_c, v_c)
[QUEUE_DIAGNOSTIC] Denorm factors: rho_max_m=0.300, v_free_m=11.11
[QUEUE_DIAGNOSTIC] velocities_m (m/s): [11.111111 11.111111 11.111111 11.111111 11.111111 11.111111]
[QUEUE_DIAGNOSTIC] velocities_c (m/s): [13.888889 13.888889 13.888889 13.888889 13.888889 13.888889]
[QUEUE_DIAGNOSTIC] densities_m (veh/m): [0.02607282 0.02604354 0.02603973 0.02605036 0.02607406 0.02611504]
[QUEUE_DIAGNOSTIC] densities_c (veh/m): [0.00441321 0.0043909  0.00438979 0.00440298 0.00442843 0.00446723]
[QUEUE_DIAGNOSTIC] Threshold: 10.625 m/s
[QUEUE_DIAGNOSTIC] Below threshold (m): [False False False False False False]
[QUEUE_DIAGNOSTIC] Below threshold (c): [False False False False False False]
[QUEUE_DIAGNOSTIC] queued_m densities: [] (sum=0.0000)
[QUEUE_DIAGNOSTIC] queued_c densities: [] (sum=0.0000)
[QUEUE_DIAGNOSTIC] dx=10.00m, queue_length=0.00 vehicles
[REWARD_MICROSCOPE] step=4 t=60.0s phase=0 prev_phase=0 phase_changed=False | QUEUE: current=0.00 prev=0.00 delta=0.0000 R_queue=-0.0000 | PENALTY: R_stability=0.0000 | DIVERSITY: actions=[0, 0, 0, 0] diversity_count=0 R_diversity=0.0000 | TOTAL: reward=0.0000
  Step 3 (t=45s): ρ_avg=0.0753 veh/m
[PERIODIC:1000] BC_DISPATCHER [Call #1000] current_bc_params: <class 'NoneType'>
[PERIODIC:1000] BC_DISPATCHER Using params.boundary_conditions (static)
[QUEUE_DIAGNOSTIC] ===== Step 4 t=75.0s =====
[QUEUE_DIAGNOSTIC] Observation shape: (26,), n_segments: 6
[QUEUE_DIAGNOSTIC] Normalized obs[0:4]: [0.08688486 1.         0.02932378 1.        ] (rho_m, v_m, rho_c, v_c)
[QUEUE_DIAGNOSTIC] Denorm factors: rho_max_m=0.300, v_free_m=11.11
[QUEUE_DIAGNOSTIC] velocities_m (m/s): [11.111111 11.111111 11.111111 11.111111 11.111111 11.111111]
[QUEUE_DIAGNOSTIC] velocities_c (m/s): [13.888889 13.888889 13.888889 13.888889 13.888889 13.888889]
[QUEUE_DIAGNOSTIC] densities_m (veh/m): [0.02606546 0.02603037 0.02601723 0.02601298 0.02601278 0.02601504]
[QUEUE_DIAGNOSTIC] densities_c (veh/m): [0.00439857 0.0043667  0.00435218 0.00434697 0.00434722 0.0043513 ]
[QUEUE_DIAGNOSTIC] Threshold: 10.625 m/s
[QUEUE_DIAGNOSTIC] Below threshold (m): [False False False False False False]
[QUEUE_DIAGNOSTIC] Below threshold (c): [False False False False False False]
[QUEUE_DIAGNOSTIC] queued_m densities: [] (sum=0.0000)
[QUEUE_DIAGNOSTIC] queued_c densities: [] (sum=0.0000)
[QUEUE_DIAGNOSTIC] dx=10.00m, queue_length=0.00 vehicles
[REWARD_MICROSCOPE] step=5 t=75.0s phase=0 prev_phase=0 phase_changed=False | QUEUE: current=0.00 prev=0.00 delta=0.0000 R_queue=-0.0000 | PENALTY: R_stability=0.0000 | DIVERSITY: actions=[0, 0, 0, 0, 0] diversity_count=1 R_diversity=0.0000 | TOTAL: reward=0.0000
[WARNING] Automatic CFL correction applied (count: 300):
  Calculated CFL: 0.800 > Limit: 0.500
  Original dt: 3.825630e-01 s
  Corrected dt: 2.391019e-01 s
  Correction factor: 1.6x
  Max wave speed detected: 20.91 m/s
[QUEUE_DIAGNOSTIC] Threshold: 10.625 m/s
[QUEUE_DIAGNOSTIC] Below threshold (m): [False False False False False False]
[QUEUE_DIAGNOSTIC] Below threshold (c): [False False False False False False]
[QUEUE_DIAGNOSTIC] queued_m densities: [] (sum=0.0000)
[QUEUE_DIAGNOSTIC] queued_c densities: [] (sum=0.0000)
[QUEUE_DIAGNOSTIC] dx=10.00m, queue_length=0.00 vehicles
[REWARD_MICROSCOPE] step=6 t=90.0s phase=0 prev_phase=0 phase_changed=False | QUEUE: current=0.00 prev=0.00 delta=0.0000 R_queue=-0.0000 | PENALTY: R_stability=0.0000 | DIVERSITY: actions=[0, 0, 0, 0, 0] diversity_count=1 R_diversity=0.0000 | TOTAL: reward=0.0000
[WARNING] Automatic CFL correction applied (count: 400):
  Calculated CFL: 0.800 > Limit: 0.500
  Original dt: 3.825124e-01 s
  Corrected dt: 2.390703e-01 s
  Correction factor: 1.6x
  Max wave speed detected: 20.91 m/s
[QUEUE_DIAGNOSTIC] Threshold: 10.625 m/s
[QUEUE_DIAGNOSTIC] Below threshold (m): [False False False False False False]
[QUEUE_DIAGNOSTIC] Below threshold (c): [False False False False False False]
[QUEUE_DIAGNOSTIC] queued_m densities: [] (sum=0.0000)
[QUEUE_DIAGNOSTIC] queued_c densities: [] (sum=0.0000)
[QUEUE_DIAGNOSTIC] dx=10.00m, queue_length=0.00 vehicles
[REWARD_MICROSCOPE] step=7 t=105.0s phase=0 prev_phase=0 phase_changed=False | QUEUE: current=0.00 prev=0.00 delta=0.0000 R_queue=-0.0000 | PENALTY: R_stability=0.0000 | DIVERSITY: actions=[0, 0, 0, 0, 0] diversity_count=1 R_diversity=0.0000 | TOTAL: reward=0.0000
  Step 6 (t=90s): ρ_avg=0.0624 veh/m
[QUEUE_DIAGNOSTIC] Threshold: 10.625 m/s
[QUEUE_DIAGNOSTIC] Below threshold (m): [False False False False False False]
[QUEUE_DIAGNOSTIC] Below threshold (c): [False False False False False False]
[QUEUE_DIAGNOSTIC] queued_m densities: [] (sum=0.0000)
[QUEUE_DIAGNOSTIC] queued_c densities: [] (sum=0.0000)
[QUEUE_DIAGNOSTIC] dx=10.00m, queue_length=0.00 vehicles
[REWARD_MICROSCOPE] step=8 t=120.0s phase=0 prev_phase=0 phase_changed=False | QUEUE: current=0.00 prev=0.00 delta=0.0000 R_queue=-0.0000 | PENALTY: R_stability=0.0000 | DIVERSITY: actions=[0, 0, 0, 0, 0] diversity_count=1 R_diversity=0.0000 | TOTAL: reward=0.0000
[WARNING] Automatic CFL correction applied (count: 500):
  Calculated CFL: 0.800 > Limit: 0.500
  Original dt: 3.825068e-01 s
  Corrected dt: 2.390668e-01 s
  Correction factor: 1.6x
  Max wave speed detected: 20.91 m/s
[PERIODIC:1000] BC_DISPATCHER [Call #2000] current_bc_params: <class 'NoneType'>
[PERIODIC:1000] BC_DISPATCHER Using params.boundary_conditions (static)
[QUEUE_DIAGNOSTIC] Threshold: 10.625 m/s
[QUEUE_DIAGNOSTIC] Below threshold (m): [False False False False False False]
[QUEUE_DIAGNOSTIC] Below threshold (c): [False False False False False False]
[QUEUE_DIAGNOSTIC] queued_m densities: [] (sum=0.0000)
[QUEUE_DIAGNOSTIC] queued_c densities: [] (sum=0.0000)
[QUEUE_DIAGNOSTIC] dx=10.00m, queue_length=0.00 vehicles
[REWARD_MICROSCOPE] step=9 t=135.0s phase=0 prev_phase=0 phase_changed=False | QUEUE: current=0.00 prev=0.00 delta=0.0000 R_queue=-0.0000 | PENALTY: R_stability=0.0000 | DIVERSITY: actions=[0, 0, 0, 0, 0] diversity_count=1 R_diversity=0.0000 | TOTAL: reward=0.0000
[QUEUE_DIAGNOSTIC] Threshold: 10.625 m/s
[QUEUE_DIAGNOSTIC] Below threshold (m): [False False False False False False]
[QUEUE_DIAGNOSTIC] Below threshold (c): [False False False False False False]
[QUEUE_DIAGNOSTIC] queued_m densities: [] (sum=0.0000)
[QUEUE_DIAGNOSTIC] queued_c densities: [] (sum=0.0000)
[QUEUE_DIAGNOSTIC] dx=10.00m, queue_length=0.00 vehicles
[REWARD_MICROSCOPE] step=10 t=150.0s phase=0 prev_phase=0 phase_changed=False | QUEUE: current=0.00 prev=0.00 delta=0.0000 R_queue=-0.0000 | PENALTY: R_stability=0.0000 | DIVERSITY: actions=[0, 0, 0, 0, 0] diversity_count=1 R_diversity=0.0000 | TOTAL: reward=0.0000
  Step 9 (t=135s): ρ_avg=0.0494 veh/m
[WARNING] Automatic CFL correction applied (count: 600):
  Calculated CFL: 0.800 > Limit: 0.500
  Original dt: 3.825060e-01 s
  Corrected dt: 2.390663e-01 s
  Correction factor: 1.6x
  Max wave speed detected: 20.91 m/s
[QUEUE_DIAGNOSTIC] ===== Step 10 t=165.0s =====
[QUEUE_DIAGNOSTIC] Observation shape: (26,), n_segments: 6
[QUEUE_DIAGNOSTIC] Normalized obs[0:4]: [0.08688261 1.         0.02931157 1.        ] (rho_m, v_m, rho_c, v_c)
[QUEUE_DIAGNOSTIC] Denorm factors: rho_max_m=0.300, v_free_m=11.11
[QUEUE_DIAGNOSTIC] velocities_m (m/s): [11.111111 11.111111 11.111111 11.111111 11.111111 11.111111]
[QUEUE_DIAGNOSTIC] velocities_c (m/s): [13.888889 13.888889 13.888889 13.888889 13.888889 13.888889]
[QUEUE_DIAGNOSTIC] densities_m (veh/m): [0.02606479 0.02602909 0.02601501 0.0260093  0.02600692 0.0260059 ]
[QUEUE_DIAGNOSTIC] densities_c (veh/m): [0.00439674 0.00436336 0.00434657 0.0043381  0.00433381 0.00433164]
[QUEUE_DIAGNOSTIC] Threshold: 10.625 m/s
[QUEUE_DIAGNOSTIC] Below threshold (m): [False False False False False False]
[QUEUE_DIAGNOSTIC] Below threshold (c): [False False False False False False]
[QUEUE_DIAGNOSTIC] queued_m densities: [] (sum=0.0000)
[QUEUE_DIAGNOSTIC] queued_c densities: [] (sum=0.0000)
[QUEUE_DIAGNOSTIC] dx=10.00m, queue_length=0.00 vehicles
[REWARD_MICROSCOPE] step=11 t=165.0s phase=0 prev_phase=0 phase_changed=False | QUEUE: current=0.00 prev=0.00 delta=0.0000 R_queue=-0.0000 | PENALTY: R_stability=0.0000 | DIVERSITY: actions=[0, 0, 0, 0, 0] diversity_count=1 R_diversity=0.0000 | TOTAL: reward=0.0000
[WARNING] Automatic CFL correction applied (count: 700):
  Calculated CFL: 0.800 > Limit: 0.500
  Original dt: 3.825059e-01 s
  Corrected dt: 2.390662e-01 s
  Correction factor: 1.6x
  Max wave speed detected: 20.91 m/s
[REWARD_MICROSCOPE] step=12 t=180.0s phase=0 prev_phase=0 phase_changed=False | QUEUE: current=0.00 prev=0.00 delta=0.0000 R_queue=-0.0000 | PENALTY: R_stability=0.0000 | DIVERSITY: actions=[0, 0, 0, 0, 0] diversity_count=1 R_diversity=0.0000 | TOTAL: reward=0.0000
  Final average density = 0.0408 veh/m

[GREEN_ONLY] Running GREEN traffic light for 180s (12 steps of 15s)...
DEBUG PARAMS: Reading K_m_kmh = 10.0
DEBUG PARAMS: Reading K_c_kmh = 15.0
DEBUG PARAMS: Assigned self.K_m = 2.7777777777777777
DEBUG PARAMS: Assigned self.K_c = 4.166666666666667
DEBUG PARAMS: Reading K_m_kmh = 10.0
DEBUG PARAMS: Reading K_c_kmh = 15.0
DEBUG PARAMS: Assigned self.K_m = 2.7777777777777777
DEBUG PARAMS: Assigned self.K_c = 4.166666666666667
[QUEUE_DIAGNOSTIC] ===== Step 0 t=15.0s =====
[QUEUE_DIAGNOSTIC] Observation shape: (26,), n_segments: 6
[QUEUE_DIAGNOSTIC] Normalized obs[0:4]: [0.40412426 1.         0.423317   1.        ] (rho_m, v_m, rho_c, v_c)
[QUEUE_DIAGNOSTIC] Denorm factors: rho_max_m=0.300, v_free_m=11.11
[QUEUE_DIAGNOSTIC] velocities_m (m/s): [11.111111 11.111111 11.111111 11.111111 11.111111 11.111111]
[QUEUE_DIAGNOSTIC] velocities_c (m/s): [13.888889 13.888889 13.888889 13.888889 13.888889 13.888889]
[QUEUE_DIAGNOSTIC] densities_m (veh/m): [0.12123729 0.12186564 0.12247211 0.12330868 0.1239714  0.12442344]
[QUEUE_DIAGNOSTIC] densities_c (veh/m): [0.06349755 0.06285855 0.06196807 0.06131146 0.06078875 0.06043391]
[QUEUE_DIAGNOSTIC] Threshold: 10.625 m/s
[QUEUE_DIAGNOSTIC] Below threshold (m): [False False False False False False]
[QUEUE_DIAGNOSTIC] Below threshold (c): [False False False False False False]
[QUEUE_DIAGNOSTIC] queued_m densities: [] (sum=0.0000)
[QUEUE_DIAGNOSTIC] queued_c densities: [] (sum=0.0000)
[QUEUE_DIAGNOSTIC] dx=10.00m, queue_length=0.00 vehicles
[REWARD_MICROSCOPE] step=1 t=15.0s phase=1 prev_phase=0 phase_changed=True | QUEUE: current=0.00 prev=0.00 delta=0.0000 R_queue=-0.0000 | PENALTY: R_stability=-0.0100 | DIVERSITY: actions=[1] diversity_count=0 R_diversity=0.0000 | TOTAL: reward=-0.0100
  Step 0 (t=0s): ρ_avg=0.0908 veh/m
[PERIODIC:1000] BC_DISPATCHER [Call #3000] current_bc_params: <class 'NoneType'>
[PERIODIC:1000] BC_DISPATCHER Using params.boundary_conditions (static)
[WARNING] Automatic CFL correction applied (count: 800):
  Calculated CFL: 0.800 > Limit: 0.500
  Original dt: 3.980539e-01 s
  Corrected dt: 2.487837e-01 s
  Correction factor: 1.6x
  Max wave speed detected: 20.10 m/s
[QUEUE_DIAGNOSTIC] ===== Step 1 t=30.0s =====
[QUEUE_DIAGNOSTIC] Observation shape: (26,), n_segments: 6
[QUEUE_DIAGNOSTIC] Normalized obs[0:4]: [0.09597298 1.         0.03775748 1.        ] (rho_m, v_m, rho_c, v_c)
[QUEUE_DIAGNOSTIC] Denorm factors: rho_max_m=0.300, v_free_m=11.11
[QUEUE_DIAGNOSTIC] velocities_m (m/s): [11.111111 11.111111 11.111111 11.111111 11.111111 11.111111]
[QUEUE_DIAGNOSTIC] velocities_c (m/s): [13.888889 13.888889 13.888889 13.888889 13.888889 13.888889]
[QUEUE_DIAGNOSTIC] densities_m (veh/m): [0.0287919  0.03127837 0.03660145 0.0500125  0.08276253 0.11996835]
[QUEUE_DIAGNOSTIC] densities_c (veh/m): [0.00566362 0.00644461 0.00803888 0.01255968 0.02640654 0.04774581]
[QUEUE_DIAGNOSTIC] Threshold: 10.625 m/s
[QUEUE_DIAGNOSTIC] Below threshold (m): [False False False False False False]
[QUEUE_DIAGNOSTIC] Below threshold (c): [False False False False False False]
[QUEUE_DIAGNOSTIC] queued_m densities: [] (sum=0.0000)
[QUEUE_DIAGNOSTIC] queued_c densities: [] (sum=0.0000)
[QUEUE_DIAGNOSTIC] dx=10.00m, queue_length=0.00 vehicles
[REWARD_MICROSCOPE] step=2 t=30.0s phase=1 prev_phase=1 phase_changed=False | QUEUE: current=0.00 prev=0.00 delta=0.0000 R_queue=-0.0000 | PENALTY: R_stability=0.0000 | DIVERSITY: actions=[1, 1] diversity_count=0 R_diversity=0.0000 | TOTAL: reward=0.0000
  Step 1 (t=15s): ρ_avg=0.0867 veh/m
[QUEUE_DIAGNOSTIC] ===== Step 2 t=45.0s =====
[QUEUE_DIAGNOSTIC] Observation shape: (26,), n_segments: 6
[QUEUE_DIAGNOSTIC] Normalized obs[0:4]: [0.08729303 1.         0.03023555 1.        ] (rho_m, v_m, rho_c, v_c)
[QUEUE_DIAGNOSTIC] Denorm factors: rho_max_m=0.300, v_free_m=11.11
[QUEUE_DIAGNOSTIC] velocities_m (m/s): [11.111111 11.111111 11.111111 11.111111 11.111111 11.111111]
[QUEUE_DIAGNOSTIC] velocities_c (m/s): [13.888889 13.888889 13.888889 13.888889 13.888889 13.888889]
[QUEUE_DIAGNOSTIC] densities_m (veh/m): [0.02618791 0.02625022 0.02640152 0.02667673 0.02715888 0.02801078]
[QUEUE_DIAGNOSTIC] densities_c (veh/m): [0.00453533 0.00457998 0.00467237 0.00481838 0.00503849 0.00537355]
[QUEUE_DIAGNOSTIC] Threshold: 10.625 m/s
[QUEUE_DIAGNOSTIC] Below threshold (m): [False False False False False False]
[QUEUE_DIAGNOSTIC] Below threshold (c): [False False False False False False]
[QUEUE_DIAGNOSTIC] queued_m densities: [] (sum=0.0000)
[QUEUE_DIAGNOSTIC] queued_c densities: [] (sum=0.0000)
[QUEUE_DIAGNOSTIC] dx=10.00m, queue_length=0.00 vehicles
[REWARD_MICROSCOPE] step=3 t=45.0s phase=1 prev_phase=1 phase_changed=False | QUEUE: current=0.00 prev=0.00 delta=0.0000 R_queue=-0.0000 | PENALTY: R_stability=0.0000 | DIVERSITY: actions=[1, 1, 1] diversity_count=0 R_diversity=0.0000 | TOTAL: reward=0.0000
  Step 2 (t=30s): ρ_avg=0.0825 veh/m
[WARNING] Automatic CFL correction applied (count: 900):
  Calculated CFL: 0.800 > Limit: 0.500
  Original dt: 3.833942e-01 s
  Corrected dt: 2.396214e-01 s
  Correction factor: 1.6x
  Max wave speed detected: 20.87 m/s
[QUEUE_DIAGNOSTIC] ===== Step 3 t=60.0s =====
[QUEUE_DIAGNOSTIC] Observation shape: (26,), n_segments: 6
[QUEUE_DIAGNOSTIC] Normalized obs[0:4]: [0.08690941 1.         0.02942141 1.        ] (rho_m, v_m, rho_c, v_c)
[QUEUE_DIAGNOSTIC] Denorm factors: rho_max_m=0.300, v_free_m=11.11
[QUEUE_DIAGNOSTIC] velocities_m (m/s): [11.111111 11.111111 11.111111 11.111111 11.111111 11.111111]
[QUEUE_DIAGNOSTIC] velocities_c (m/s): [13.888889 13.888889 13.888889 13.888889 13.888889 13.888889]
[QUEUE_DIAGNOSTIC] densities_m (veh/m): [0.02607282 0.02604354 0.02603973 0.02605036 0.02607406 0.02611504]
[QUEUE_DIAGNOSTIC] densities_c (veh/m): [0.00441321 0.0043909  0.00438979 0.00440298 0.00442843 0.00446723]
[QUEUE_DIAGNOSTIC] Threshold: 10.625 m/s
[QUEUE_DIAGNOSTIC] Below threshold (m): [False False False False False False]
[QUEUE_DIAGNOSTIC] Below threshold (c): [False False False False False False]
[QUEUE_DIAGNOSTIC] queued_m densities: [] (sum=0.0000)
[QUEUE_DIAGNOSTIC] queued_c densities: [] (sum=0.0000)
[QUEUE_DIAGNOSTIC] dx=10.00m, queue_length=0.00 vehicles
[REWARD_MICROSCOPE] step=4 t=60.0s phase=1 prev_phase=1 phase_changed=False | QUEUE: current=0.00 prev=0.00 delta=0.0000 R_queue=-0.0000 | PENALTY: R_stability=0.0000 | DIVERSITY: actions=[1, 1, 1, 1] diversity_count=0 R_diversity=0.0000 | TOTAL: reward=0.0000
  Step 3 (t=45s): ρ_avg=0.0782 veh/m
[QUEUE_DIAGNOSTIC] ===== Step 4 t=75.0s =====
[QUEUE_DIAGNOSTIC] Observation shape: (26,), n_segments: 6
[QUEUE_DIAGNOSTIC] Normalized obs[0:4]: [0.08688486 1.         0.02932378 1.        ] (rho_m, v_m, rho_c, v_c)
[QUEUE_DIAGNOSTIC] Denorm factors: rho_max_m=0.300, v_free_m=11.11
[QUEUE_DIAGNOSTIC] velocities_m (m/s): [11.111111 11.111111 11.111111 11.111111 11.111111 11.111111]
[QUEUE_DIAGNOSTIC] velocities_c (m/s): [13.888889 13.888889 13.888889 13.888889 13.888889 13.888889]
[QUEUE_DIAGNOSTIC] densities_m (veh/m): [0.02606546 0.02603037 0.02601723 0.02601298 0.02601278 0.02601504]
[QUEUE_DIAGNOSTIC] densities_c (veh/m): [0.00439857 0.0043667  0.00435218 0.00434697 0.00434722 0.0043513 ]
[QUEUE_DIAGNOSTIC] Threshold: 10.625 m/s
[QUEUE_DIAGNOSTIC] Below threshold (m): [False False False False False False]
[QUEUE_DIAGNOSTIC] Below threshold (c): [False False False False False False]
[QUEUE_DIAGNOSTIC] queued_m densities: [] (sum=0.0000)
[QUEUE_DIAGNOSTIC] queued_c densities: [] (sum=0.0000)
[QUEUE_DIAGNOSTIC] dx=10.00m, queue_length=0.00 vehicles
[REWARD_MICROSCOPE] step=5 t=75.0s phase=1 prev_phase=1 phase_changed=False | QUEUE: current=0.00 prev=0.00 delta=0.0000 R_queue=-0.0000 | PENALTY: R_stability=0.0000 | DIVERSITY: actions=[1, 1, 1, 1, 1] diversity_count=1 R_diversity=0.0000 | TOTAL: reward=0.0000
[PERIODIC:1000] BC_DISPATCHER [Call #4000] current_bc_params: <class 'NoneType'>
[PERIODIC:1000] BC_DISPATCHER Using params.boundary_conditions (static)
[WARNING] Automatic CFL correction applied (count: 1000):
  Calculated CFL: 0.800 > Limit: 0.500
  Original dt: 3.825831e-01 s
  Corrected dt: 2.391144e-01 s
  Correction factor: 1.6x
  Max wave speed detected: 20.91 m/s
[QUEUE_DIAGNOSTIC] Threshold: 10.625 m/s
[QUEUE_DIAGNOSTIC] Below threshold (m): [False False False False False False]
[QUEUE_DIAGNOSTIC] Below threshold (c): [False False False False False False]
[QUEUE_DIAGNOSTIC] queued_m densities: [] (sum=0.0000)
[QUEUE_DIAGNOSTIC] queued_c densities: [] (sum=0.0000)
[QUEUE_DIAGNOSTIC] dx=10.00m, queue_length=0.00 vehicles
[REWARD_MICROSCOPE] step=6 t=90.0s phase=1 prev_phase=1 phase_changed=False | QUEUE: current=0.00 prev=0.00 delta=0.0000 R_queue=-0.0000 | PENALTY: R_stability=0.0000 | DIVERSITY: actions=[1, 1, 1, 1, 1] diversity_count=1 R_diversity=0.0000 | TOTAL: reward=0.0000
[WARNING] Automatic CFL correction applied (count: 1100):
  Calculated CFL: 0.800 > Limit: 0.500
  Original dt: 3.825148e-01 s
  Corrected dt: 2.390718e-01 s
  Correction factor: 1.6x
  Max wave speed detected: 20.91 m/s
[QUEUE_DIAGNOSTIC] Threshold: 10.625 m/s
[QUEUE_DIAGNOSTIC] Below threshold (m): [False False False False False False]
[QUEUE_DIAGNOSTIC] Below threshold (c): [False False False False False False]
[QUEUE_DIAGNOSTIC] queued_m densities: [] (sum=0.0000)
[QUEUE_DIAGNOSTIC] queued_c densities: [] (sum=0.0000)
[QUEUE_DIAGNOSTIC] dx=10.00m, queue_length=0.00 vehicles
[REWARD_MICROSCOPE] step=7 t=105.0s phase=1 prev_phase=1 phase_changed=False | QUEUE: current=0.00 prev=0.00 delta=0.0000 R_queue=-0.0000 | PENALTY: R_stability=0.0000 | DIVERSITY: actions=[1, 1, 1, 1, 1] diversity_count=1 R_diversity=0.0000 | TOTAL: reward=0.0000
  Step 6 (t=90s): ρ_avg=0.0652 veh/m
[QUEUE_DIAGNOSTIC] Threshold: 10.625 m/s
[QUEUE_DIAGNOSTIC] Below threshold (m): [False False False False False False]
[QUEUE_DIAGNOSTIC] Below threshold (c): [False False False False False False]
[QUEUE_DIAGNOSTIC] queued_m densities: [] (sum=0.0000)
[QUEUE_DIAGNOSTIC] queued_c densities: [] (sum=0.0000)
[QUEUE_DIAGNOSTIC] dx=10.00m, queue_length=0.00 vehicles
[REWARD_MICROSCOPE] step=8 t=120.0s phase=1 prev_phase=1 phase_changed=False | QUEUE: current=0.00 prev=0.00 delta=0.0000 R_queue=-0.0000 | PENALTY: R_stability=0.0000 | DIVERSITY: actions=[1, 1, 1, 1, 1] diversity_count=1 R_diversity=0.0000 | TOTAL: reward=0.0000
[WARNING] Automatic CFL correction applied (count: 1200):
  Calculated CFL: 0.800 > Limit: 0.500
  Original dt: 3.825070e-01 s
  Corrected dt: 2.390669e-01 s
  Correction factor: 1.6x
  Max wave speed detected: 20.91 m/s
[QUEUE_DIAGNOSTIC] Threshold: 10.625 m/s
[QUEUE_DIAGNOSTIC] Below threshold (m): [False False False False False False]
[QUEUE_DIAGNOSTIC] Below threshold (c): [False False False False False False]
[QUEUE_DIAGNOSTIC] queued_m densities: [] (sum=0.0000)
[QUEUE_DIAGNOSTIC] queued_c densities: [] (sum=0.0000)
[QUEUE_DIAGNOSTIC] dx=10.00m, queue_length=0.00 vehicles
[REWARD_MICROSCOPE] step=9 t=135.0s phase=1 prev_phase=1 phase_changed=False | QUEUE: current=0.00 prev=0.00 delta=0.0000 R_queue=-0.0000 | PENALTY: R_stability=0.0000 | DIVERSITY: actions=[1, 1, 1, 1, 1] diversity_count=1 R_diversity=0.0000 | TOTAL: reward=0.0000
[PERIODIC:1000] BC_DISPATCHER [Call #5000] current_bc_params: <class 'NoneType'>
[PERIODIC:1000] BC_DISPATCHER Using params.boundary_conditions (static)
[WARNING] Automatic CFL correction applied (count: 1300):
  Calculated CFL: 0.800 > Limit: 0.500
  Original dt: 3.825061e-01 s
  Corrected dt: 2.390663e-01 s
  Correction factor: 1.6x
  Max wave speed detected: 20.91 m/s
[QUEUE_DIAGNOSTIC] Threshold: 10.625 m/s
[QUEUE_DIAGNOSTIC] Below threshold (m): [False False False False False False]
[QUEUE_DIAGNOSTIC] Below threshold (c): [False False False False False False]
[QUEUE_DIAGNOSTIC] queued_m densities: [] (sum=0.0000)
[QUEUE_DIAGNOSTIC] queued_c densities: [] (sum=0.0000)
[QUEUE_DIAGNOSTIC] dx=10.00m, queue_length=0.00 vehicles
[REWARD_MICROSCOPE] step=10 t=150.0s phase=1 prev_phase=1 phase_changed=False | QUEUE: current=0.00 prev=0.00 delta=0.0000 R_queue=-0.0000 | PENALTY: R_stability=0.0000 | DIVERSITY: actions=[1, 1, 1, 1, 1] diversity_count=1 R_diversity=0.0000 | TOTAL: reward=0.0000
  Step 9 (t=135s): ρ_avg=0.0523 veh/m
[QUEUE_DIAGNOSTIC] ===== Step 10 t=165.0s =====
[QUEUE_DIAGNOSTIC] Observation shape: (26,), n_segments: 6
[QUEUE_DIAGNOSTIC] Normalized obs[0:4]: [0.08688261 1.         0.02931157 1.        ] (rho_m, v_m, rho_c, v_c)
[QUEUE_DIAGNOSTIC] Denorm factors: rho_max_m=0.300, v_free_m=11.11
[QUEUE_DIAGNOSTIC] velocities_m (m/s): [11.111111 11.111111 11.111111 11.111111 11.111111 11.111111]
[QUEUE_DIAGNOSTIC] velocities_c (m/s): [13.888889 13.888889 13.888889 13.888889 13.888889 13.888889]
[QUEUE_DIAGNOSTIC] densities_m (veh/m): [0.02606479 0.02602909 0.02601501 0.0260093  0.02600692 0.0260059 ]
[QUEUE_DIAGNOSTIC] densities_c (veh/m): [0.00439674 0.00436336 0.00434657 0.0043381  0.00433381 0.00433164]
[QUEUE_DIAGNOSTIC] Threshold: 10.625 m/s
[QUEUE_DIAGNOSTIC] Below threshold (m): [False False False False False False]
[QUEUE_DIAGNOSTIC] Below threshold (c): [False False False False False False]
[QUEUE_DIAGNOSTIC] queued_m densities: [] (sum=0.0000)
[QUEUE_DIAGNOSTIC] queued_c densities: [] (sum=0.0000)
[QUEUE_DIAGNOSTIC] dx=10.00m, queue_length=0.00 vehicles
[REWARD_MICROSCOPE] step=11 t=165.0s phase=1 prev_phase=1 phase_changed=False | QUEUE: current=0.00 prev=0.00 delta=0.0000 R_queue=-0.0000 | PENALTY: R_stability=0.0000 | DIVERSITY: actions=[1, 1, 1, 1, 1] diversity_count=1 R_diversity=0.0000 | TOTAL: reward=0.0000
[WARNING] Automatic CFL correction applied (count: 1400):
  Calculated CFL: 0.800 > Limit: 0.500
  Original dt: 3.825059e-01 s
  Corrected dt: 2.390662e-01 s
  Correction factor: 1.6x
  Max wave speed detected: 20.91 m/s
[REWARD_MICROSCOPE] step=12 t=180.0s phase=1 prev_phase=1 phase_changed=False | QUEUE: current=0.00 prev=0.00 delta=0.0000 R_queue=-0.0000 | PENALTY: R_stability=0.0000 | DIVERSITY: actions=[1, 1, 1, 1, 1] diversity_count=1 R_diversity=0.0000 | TOTAL: reward=0.0000
  Final average density = 0.0437 veh/m

================================================================================
[RESULTS] Comparison:
  RED_ONLY final density:   0.0408 veh/m
  GREEN_ONLY final density: 0.0437 veh/m
  Absolute difference: 0.0028 veh/m
  Relative difference: 6.5%

❌ FAILED! Metrics are still identical or very close
   The fix may not have worked, or the scenario needs adjustment
================================================================================
